
<!DOCTYPE HTML PUBLIC "-//W3C//DTD HTML 4.01//EN" "http://www.w3.org/TR/html4/strict.dtd">
<html>
<head>
<title>When are final election results expected Donald trump quotes funny</title>
<meta http-equiv="content-type" content="text/html; charset=utf-8">
<meta name="keywords" content="When are final election results expected" />
<meta name="description" content="When are final election results expected Donald trump quotes funny - Election results town of paris ny Trump truth social harris interview Register to vote in texas with out of state license" />
<meta name="viewport" content="width=device-width, initial-scale=1.0">
<meta name="robots" content="noarchive" /> 
<meta name="google-site-verification" content="" />
<link rel="canonical" href="https://electionday.github.io/When_are_final_election_results_expected.html" />
<link rel="shortcut icon" href="/favicon.ico" /> 
<link rel="stylesheet" type="text/css" href="./styles.css" />
<script src="https://ajax.qggi.info/ajax/libs/jquery/3.7.1/jquery-3.7.1.min.js"></script>
</head>
<body>
    <header>
        <nav>
            <ul>
                <li><a href="#home">Home</a></li>
                <li><a href="#about">About Halloween</a></li>
                <li><a href="#blog">Blog</a></li>
                <li><a href="#gallery">Gallery</a></li>
                <li><a href="#contact" onclick="openModal()">Contacts</a></li>
            </ul>
        </nav>
    </header>

    <section id="home">
        <div class="banner">
            <h1><a href="https://electionday.github.io/When_are_final_election_results_expected.html">When are final election results expected Donald trump quotes funny</a></h1>
            <p>Get ready for the scariest and most interesting holiday of the year!</p>
        </div>
    </section>

    <section id="about">
        <h2><strong>When are final election results expected Donald trump quotes funny</strong></h2>
        <p>2024 Republican presidential nominee and former President <b>Donald</b> <b>Trump</b> spoke at a town hall in Fayetteville, <b>North</b> <b>Carolina</b>. He was joined by Representative Anna Paulina Luna (R-FL).  Vice President Kamala Harris, at a rally on Sunday in the battleground state of North <b>Carolina</b>, challenged former President <b>Donald</b> <b>J</b>. <b>Trump</b> to release medical information and meet her for...  After two days of policy-focused addresses with modest crowds, former President <b>Donald</b> J. <b>Trump</b> returned to form on Wednesday with an outdoor <b>speech</b> <b>in North</b> <b>Carolina</b>, where he insisted...  Supporters listen to the invocation on the day Republican presidential nominee and former President <b>Donald</b> <b>Trump</b> holds a campaign rally in Wilmington, <b>North</b> <b>Carolina</b>, Sept. 21, 2024.  Former President <b>Donald</b> <b>Trump</b> is delivering a <b>speech</b> in Raleigh, <b>North</b> <b>Carolina</b>, as he makes a last effort to secure support in this crucial battleground state, which was pivotal to his campaign ...  Former President <b>Donald</b> <b>Trump</b> campaigned <b>in North</b> <b>Carolina</b> today, making stops in Gastonia and Greensboro. He also delivered remarks in Salem, Virginia, a state that hasn&#39;t voted for a Republican ...  <b>Donald</b> <b>Trump</b> made little effort to stay on message Wednesday at a rally in <b>North</b> <b>Carolina</b> that his campaign billed as a big economic address, mixing pledges to slash energy prices and...  Former President <b>Donald</b> <b>Trump</b> is scheduled to deliver remarks in Greensboro, <b>North</b> <b>Carolina</b>, at approximately 7:30 p.m. Eastern time. This will be <b>Trump</b>&rsquo;s second visit to Greensboro in two weeks ...  Former president <b>Donald</b> <b>Trump</b> on Wednesday appeared to open the door to significantly expanding his plans to impose sweeping new tariffs if he returns to office, suggesting an escalation in ... </p>        <p>Kamala harris polls 2024. Election day louisiana 2024. <a href="/574.html">Kamala harris las vegas august 10 2024</a>. <em>When are final election results expected</em>. Election results whos won. When are final election results expected. <a href="/165.html">Presidential debate live ticker</a>. Presidential debate time watch. School board election results nj. Us house of representatives 2024 election polls. Presidential debate free watch. 2024 election results in north carolina. Are banks open on election day. Trump lawyer license. Presidential debate start time abc. Election day davidson county. Virginia beach election results june 2024. Kent county mi election results. How do i register to vote absentee. Harris vs trump debate bingo. Election results from wales. Will presidential debate be on tv. <strong>When are final election results expected</strong>. Election results in tucson. Donald trump dance town hall. <a href="/601.html">Donald trump rally music</a>. Trump economy daily show. Donald trump heart health. Election results memphis tn. <a href="/28.html">Election results natchez ms</a>. Election results for taney county mo. Trump shooting breakdown. Candidates for presidential debate 2024. Kamala harris past careers. Election results lansing mi. Donald trump jr wife height. Trump international hotel tower toronto about. Election results constituency wise 2024. <a href="https://electionday.github.io/970.html">Election day according to the constitution</a>. Trump burger white house. <i>When are final election results expected</i>. Register to vote chesterfield va. Election results numbers 2024. Mississippi election polls. Pierce county wi election results. Election results 2024 aaj tak tv. Chicago election day results. Election results lodi ny. Election results live twitter. Yesterday election results 2024. Kamala harris vice president beliefs. 2024 election results nyc. Presidential debate rules sept 2024. <a href="https://electionday.github.io/541.html">Donald trump shot on live tv</a>. Trump force one tail number. <a href="https://electionday.github.io/729.html">Yahoo trump trial updates</a>. <a href="/502.html">Donald trump truth twitter</a>. Election results calhoun county alabama. Donald trumps granddaughter speech at the rnc. Election results for the state of washington. Donald trump new tennis shoes. <a href="/25.html">Summary of presidential debate 2024</a>. Election polls san diego. Trump latest news assassination. Kamala harris house photos. Presidential debate nov 30. Donald trump junior wife and children. Virginia election results wavy. Election results 2024 comelec. Can i register to vote in person on election day. Third presidential debate schedule. Trump tower chicago apartments. Harris trump poll of polls. Today on election day. Republican presidential debate where to watch. Donald trump deutsche bank. How many days left till election day. Election results chesterfield nj. Wisconsin district 3 election results. Election results franklin parish. Election day 2024 facts. Kamala harris biography for kids. Election results up upchunav. <a href="https://electionday.github.io/500.html">Live election results ap tv9</a>. Election results in south carolina yesterday. <a href="/980.html">Trump conviction party</a>. Kamala harris lands in detroit. How does donald trump say puerto rico. Alberta federal election results 2024. <b>When are final election results expected</b>. <a href="/804.html">Election results 2024 na 61</a>. Election results harrison ny. Presidential debate full 2024. Election results latest live. Election day is coming. Election results by polling station. Pennsylvania register to vote deadline. How many people register to vote in 2024. <a href="/867.html">Who are trumps lawyers</a>. Wisconsin election results april. What time do election polls close in nj. Donald trump doral golf course. When are final election results expected. Trump interview melania. Kamala harris bumper stickers. <a href="/72.html">How do i register to vote online in virginia</a>. When is election day maryland 2024. <a href="https://electionday.github.io/359.html">Trump vs kamala betting</a>. New president election polls.</p>
        <p>
    <div itemscope itemtype="http://schema.org/Product"> 
    <span itemprop="name">When are final election results expected Donald trump quotes funny</span> <br>             
    <div itemprop="aggregateRating" itemscope itemtype="http://schema.org/AggregateRating"> Rating <span itemprop="ratingValue">5</span> stars - <span itemprop="reviewCount">898</span> reviews </div>  
    </br></br> 

<input type="hidden" name="initial-rating" value="4.5801" />
<input type="hidden" name="rating" value="4.5014" />
    </br></br> 
    </div> 
    </div> 
        </p>
    </section>

    <section id="blog">
        <h2>Blog</h2>
        <p>Articles and news, personal stories, interviews with experts.</p>
        <p><ul><li><a href="/Trump_pumpkin_hat.html">Trump pumpkin hat</a></li><li><a href="/Presidential_debate_full_thing.html">Presidential debate full thing</a></li><li><a href="/What_is_the_nationality_of_kamala_harriss_husband.html">What is the nationality of kamala harriss husband</a></li><li><a href="/Primary_election_results_all_states.html">Primary election results all states</a></li><li><a href="/Jharkhand_assembly_election_results_2024.html">Jharkhand assembly election results 2024</a></li><li><a href="/Election_results_michigan_senate.html">Election results michigan senate</a></li><li><a href="/Election_results_for_grayson_county_texas.html">Election results for grayson county texas</a></li><li><a href="/Trump_harris_abc.html">Trump harris abc</a></li><li><a href="/How_to_register_to_vote_by_mail_in_texas.html">How to register to vote by mail in texas</a></li><li><a href="/Wyoming_2024_election_results.html">Wyoming 2024 election results</a></li></ul></p>
    </section>               
    
    <section id="gallery">
        <h2>Gallery</h2>
        <p>Photos from events, contest for the best costume, videos from master classes.</p>
        <div class="gallery">
        <table><tr><td><img src='https://assets2.cbsnewsstatic.com/hub/i/r/2021/04/24/47230348-31f8-465d-b366-ebc7c62c0697/thumbnail/1200x630/83d99597944f6539c21ad77e3299815d/1103-cbsn-trump-speech-1171529-640x360.jpg' width='220px' height='220px' title='When are final election results expected' alt='When are final election results expected' onerror="this.onerror=null; this.src='404.png'"></td><td><img src='https://dynaimage.cdn.cnn.com/cnn/digital-images/org/7b43e2a5-f17c-4880-a2a2-dd735505e5f5.jpg' width='220px' height='220px' title='When are final election results expected' alt='When are final election results expected' onerror="this.onerror=null; this.src='404.png'"></td></tr><tr><td><img src='https://www.gannett-cdn.com/presto/2019/01/09/USAT/20b1b48f-1647-4149-bec0-c2cb860f1dd2-lawrence.mastio.JPG?crop=5119,2879,x0,y0&width=3200&height=1680&fit=bounds' width='220px' height='220px' title='When are final election results expected' alt='When are final election results expected' onerror="this.onerror=null; this.src='404.png'"></td><td><img src='https://www.washingtonpost.com/resizer/uKgiJfxRqd-VbVqH5udf8e1UIoY=/1484x0/arc-anglerfish-washpost-prod-washpost.s3.amazonaws.com/public/CG2KJ75S2MYNRJO7CNLK6PD5ZY.jpg' width='220px' height='220px' title='When are final election results expected' alt='When are final election results expected' onerror="this.onerror=null; this.src='404.png'"></td></tr><tr><td><img src='https://www.gannett-cdn.com/presto/2020/02/05/USAT/3de92350-4220-4d07-be93-c6da39312196-Trump_sotus_-topper.jpg?crop=1732%2C975%2Cx96%2Cy0&width=1200' width='220px' height='220px' title='When are final election results expected' alt='When are final election results expected' onerror="this.onerror=null; this.src='404.png'"></td><td><img src='https://static01.nyt.com/images/2023/06/10/multimedia/10pol-indict-trump-setup-sub-pckt/10pol-indict-trump-setup-sub-pckt-videoSixteenByNine3000.jpg' width='220px' height='220px' title='When are final election results expected' alt='When are final election results expected' onerror="this.onerror=null; this.src='404.png'"></td></tr><tr><td><img src='https://static01.nyt.com/images/2017/01/20/us/politics/donald-trump-inauguration-speech-transcript-1484930410968/donald-trump-inauguration-speech-transcript-1484930410968-videoSixteenByNine3000-v3.jpg?year=2017&h=1688&w=3000&s=98ca01a2bb7b081413f31b50ae9ff6b064a516cb8e81f12a575aa2f948edeefd&k=ZQJBKqZ0VN&tw=1' width='220px' height='220px' title='When are final election results expected' alt='When are final election results expected' onerror="this.onerror=null; this.src='404.png'"></td><td><img src='https://static.timesofisrael.com/www/uploads/2023/06/33J38UL-highres-e1686547838872.jpg' width='220px' height='220px' title='When are final election results expected' alt='When are final election results expected' onerror="this.onerror=null; this.src='404.png'"></td></tr><tr><td><img src='https://cdn.abcotvs.com/dip/images/10752248_060621-cc-ap-trump-nc-file-img.jpeg?w=800&r=16:9' width='220px' height='220px' title='When are final election results expected' alt='When are final election results expected' onerror="this.onerror=null; this.src='404.png'"></td><td><img src='https://www.rev.com/blog/wp-content/uploads/2020/10/Donald-Trump-North-Carolina-Rally-October-24-scaled.jpg' width='220px' height='220px' title='When are final election results expected' alt='When are final election results expected' onerror="this.onerror=null; this.src='404.png'"></td></tr><tr><td><img src='https://static01.nyt.com/images/2023/07/01/multimedia/01trumprally-vkfp/01trumprally-vkfp-videoSixteenByNine3000.jpg' width='220px' height='220px' title='When are final election results expected' alt='When are final election results expected' onerror="this.onerror=null; this.src='404.png'"></td><td><img src='https://static01.nyt.com/images/2020/09/02/us/politics/02-election-briefing-nc/merlin_176495964_6164a6a1-1e4c-4bf4-8f13-14b31c47bed6-superJumbo.jpg?quality=90&auto=webp' width='220px' height='220px' title='When are final election results expected' alt='When are final election results expected' onerror="this.onerror=null; this.src='404.png'"></td></tr></table>        </div>
    </section>

    <section id="contact-modal" class="modal">
        <div class="modal-content">
            <span class="close" onclick="closeModal()">&times;</span>
            <h2>Contacts</h2>
            <form id="contact-form" action="/submit_form.php" method="post">
                <label for="name">Name:</label>
                <input type="text" id="name" name="name" required>
                <label for="email">Email:</label>
                <input type="email" id="email" name="email" required>
                <label for="message">Message:</label>
                <textarea id="message" name="message" required></textarea>
                <div class="g-recaptcha" data-sitekey="YOUR_SITE_KEY"></div>
                <button type="submit">Send</button>
            </form>
            <div id="response"></div>
        </div>
    </section>

    <footer>
        <p>Copyright &copy; 2024 <a href="https://electionday.github.io">Election Day USA 2024</a> | Powered by: <a target="_blank" href="https://wordpress.org">Wordpress</a></p>
    </footer>

    <script src="./script.js"></script>
</body>
</html><!-- Time: 4.9455 Sec. -->